Nothing to build in platform 'top'

11:50:03 **** Incremental Build of configuration Debug for project blinky ****
make all 
make --no-print-directory pre-build
a9-linaro-pre-build-step
 
make --no-print-directory main-build
Building file: ../src/helloworld.c
Invoking: ARM v7 gcc compiler
arm-none-eabi-gcc -Wall -O0 -g3 -c -fmessage-length=0 -MT"src/helloworld.o" -mcpu=cortex-a9 -mfpu=vfpv3 -mfloat-abi=hard -I/home/binhkieudo/Workspace/XRPIX/serial_riscv/deploy/Pynq-Z2/pynq/pynq.sw/top/export/top/sw/top/standalone_ps7_cortexa9_0/bspinclude/include -MMD -MP -MF"src/helloworld.d" -MT"src/helloworld.o" -o "src/helloworld.o" "../src/helloworld.c"
Finished building: ../src/helloworld.c
 
Building target: blinky.elf
Invoking: ARM v7 gcc linker
arm-none-eabi-gcc -mcpu=cortex-a9 -mfpu=vfpv3 -mfloat-abi=hard -Wl,-build-id=none -specs=Xilinx.spec -Wl,-T -Wl,../src/lscript.ld -L/home/binhkieudo/Workspace/XRPIX/serial_riscv/deploy/Pynq-Z2/pynq/pynq.sw/top/export/top/sw/top/standalone_ps7_cortexa9_0/bsplib/lib -o "blinky.elf"  ./src/helloworld.o ./src/platform.o   -Wl,--start-group,-lxil,-lgcc,-lc,--end-group
Finished building target: blinky.elf
 
Invoking: ARM v7 Print Size
arm-none-eabi-size blinky.elf  |tee "blinky.elf.size"
   text	   data	    bss	    dec	    hex	filename
  18820	   1144	  22568	  42532	   a624	blinky.elf
Finished building: blinky.elf.size
 
11:50:04 **** Incremental Build of configuration Debug for project blinky_system ****
make all 
Generating bif file for the system project
Executing command '::scw::generate_bif -xpfm /home/binhkieudo/Workspace/XRPIX/serial_riscv/deploy/Pynq-Z2/pynq/pynq.sw/top/export/top/top.xpfm -domains standalone_ps7_cortexa9_0 -bifpath /home/binhkieudo/Workspace/XRPIX/serial_riscv/deploy/Pynq-Z2/pynq/pynq.sw/blinky_system/Debug/system.bif' on XSCT
sdcard_gen --xpfm /home/binhkieudo/Workspace/XRPIX/serial_riscv/deploy/Pynq-Z2/pynq/pynq.sw/top/export/top/top.xpfm --sys_config top --bif /home/binhkieudo/Workspace/XRPIX/serial_riscv/deploy/Pynq-Z2/pynq/pynq.sw/blinky_system/Debug/system.bif --bitstream /home/binhkieudo/Workspace/XRPIX/serial_riscv/deploy/Pynq-Z2/pynq/pynq.sw/blinky/_ide/bitstream/top.bit --elf /home/binhkieudo/Workspace/XRPIX/serial_riscv/deploy/Pynq-Z2/pynq/pynq.sw/blinky/Debug/blinky.elf,ps7_cortexa9_0
creating BOOT.BIN using /home/binhkieudo/Workspace/XRPIX/serial_riscv/deploy/Pynq-Z2/pynq/pynq.sw/blinky/_ide/bitstream/top.bit
Running /opt/Xilinx/Vitis/2022.2/bin/bootgen  -image /home/binhkieudo/Workspace/XRPIX/serial_riscv/deploy/Pynq-Z2/pynq/pynq.sw/blinky_system/Debug/sd_card_temp/boot.bif -w -o i BOOT.BIN
